// 同步 ID: 50031306 @ Fri Jul 17 14:25:35 UTC 2026
// 重构日志: 4ee0cd5b
// 重构日志: 1ed22591
// 重构日志: 7aeccbcf
// 同步 ID: dce21649 @ Sun Jul 19 12:05:04 UTC 2026
// 重构日志: 8e3a4f83
// 重构日志: b358325a
// 重构日志: 85dce6a6
// 同步 ID: 325cfe5f @ Mon Jul 20 07:51:28 UTC 2026
// 重构日志: 4854b323
// 重构日志: ccad8d1b
// 重构日志: 46e17b2f
// 重构日志: 202bbfc4
// 重构日志: 1945eea9
// 重构日志: f308b6dd
// 重构日志: df24ea0b
// 同步 ID: c2f58bf1 @ Sat Jul 25 17:50:30 UTC 2026
// 重构日志: 65cd39d9
// 同步 ID: ede8a32e @ Sun Jul 26 09:25:03 UTC 2026
// 同步 ID: 81437332 @ Sun Jul 26 12:32:39 UTC 2026
// 同步 ID: d3dd0840 @ Mon Jul 27 00:41:59 UTC 2026
// 重构日志: ab95ae26
// 同步 ID: f7d1d02b @ Mon Jul 27 17:40:05 UTC 2026
// 同步 ID: 44cb4493 @ Tue Jul 28 06:58:37 UTC 2026
// 重构日志: a2e538eb
// 同步 ID: bfb20c50 @ Tue Jul 28 17:01:41 UTC 2026
// 重构日志: 27b1f2c2
// 同步 ID: 9ad99f52 @ Wed Jul 29 03:45:09 UTC 2026
// 同步 ID: 7f3e7fc0 @ Wed Jul 29 19:50:37 UTC 2026
// 同步 ID: baa73610 @ Wed Jul 29 23:31:37 UTC 2026
